../Src/ui.c:13:6:UI_ShowBoot	8	static
../Src/ui.c:16:6:UI_ShowLux	16	static
../Src/ui.c:19:6:UI_RoomSafe	8	static
../Src/ui.c:24:6:UI_YellowBlink	32	static
../Src/ui.c:33:6:UI_EnterLockMode	8	static
../Src/ui.c:41:6:UI_PinPrompt	8	static
../Src/ui.c:44:6:UI_PinProgress	24	static
../Src/ui.c:49:6:UI_PinOK	8	static
../Src/ui.c:52:6:UI_PinWrong	8	static
../Src/ui.c:58:6:UI_PinLockoutStart	16	static
../Src/ui.c:61:6:UI_PinLockoutTick	16	static
../Src/ui.c:66:6:UI_PinLockoutEnd	8	static
../Src/ui.c:71:6:UI_PinCountdown	16	static
../Src/ui.c:75:6:UI_ShowTemp	16	static
../Src/ui.c:79:6:UI_ShowPot	16	static
../Src/ui.c:83:6:UI_NewPinPrompt_Keyboard	8	static
../Src/ui.c:88:6:UI_NewPinEcho	24	static
../Src/ui.c:94:6:UI_NewPinTooShort	8	static
../Src/ui.c:98:6:UI_UnlockSuccess	8	static
